Filas: train(2017-2019)=3,217 | test(2020-2021)=2,177
Positivos: train=1,070 (33.3%) | test=728 (33.4%)
Features de contexto (9): ['poblacion', 'pct_rural_disperso', 'n_sedes', 'n_sedes_ese', 'sedes_10k_hab', 'n_resguardos', 'pob_resguardos', 'n_comunidades', 'banda_pob']

== dummy ==
  {'accuracy': 0.6656, 'precision': 0.0, 'recall': 0.0, 'f1': 0.0, 'roc_auc': 0.5}
  matriz de confusion [fila=real, col=pred] [[TN,FP],[FN,TP]]: [[1449, 0], [728, 0]]
                precision    recall  f1-score   support
  
             0      0.666     1.000     0.799      1449
             1      0.000     0.000     0.000       728
  
      accuracy                          0.666      2177
     macro avg      0.333     0.500     0.400      2177
  weighted avg      0.443     0.666     0.532      2177
  

== logistica ==
  {'accuracy': 0.5958, 'precision': 0.4207, 'recall': 0.5536, 'f1': 0.4781, 'roc_auc': 0.6352}
  matriz de confusion [fila=real, col=pred] [[TN,FP],[FN,TP]]: [[894, 555], [325, 403]]
                precision    recall  f1-score   support
  
             0      0.733     0.617     0.670      1449
             1      0.421     0.554     0.478       728
  
      accuracy                          0.596      2177
     macro avg      0.577     0.585     0.574      2177
  weighted avg      0.629     0.596     0.606      2177
  

== random_forest ==
  {'accuracy': 0.7258, 'precision': 0.585, 'recall': 0.6195, 'f1': 0.6017, 'roc_auc': 0.7633}
  matriz de confusion [fila=real, col=pred] [[TN,FP],[FN,TP]]: [[1129, 320], [277, 451]]
                precision    recall  f1-score   support
  
             0      0.803     0.779     0.791      1449
             1      0.585     0.620     0.602       728
  
      accuracy                          0.726      2177
     macro avg      0.694     0.699     0.696      2177
  weighted avg      0.730     0.726     0.728      2177
  

== Importancia de variables (Random Forest) ==
poblacion             0.2149
pct_rural_disperso    0.2070
sedes_10k_hab         0.1914
pob_resguardos        0.1158
n_sedes               0.1132
n_sedes_ese           0.0566
n_resguardos          0.0555
banda_pob             0.0281
n_comunidades         0.0175

OK -> ranking_prioridad.csv (5,394 filas) + metricas_baseline.json
   F1 (random_forest): 0.602 | ROC_AUC: 0.763
